// Jest Snapshot v1, https://goo.gl/fbAQLP

exports[`<Box /> renders correctly 1`] = `
<div>
  <span>
    I am a child
  </span>
</div>
`;
